// Jest Snapshot v1, https://goo.gl/fbAQLP

exports[`<Main /> should render the heading 1`] = `
.c0 {
  display: -webkit-box;
  display: -webkit-flex;
  display: -ms-flexbox;
  display: flex;
  -webkit-box-pack: center;
  -webkit-justify-content: center;
  -ms-flex-pack: center;
  justify-content: center;
  -webkit-align-items: center;
  -webkit-box-align: center;
  -ms-flex-align: center;
  align-items: center;
  -webkit-flex-direction: column;
  -ms-flex-direction: column;
  flex-direction: column;
  color: #fff;
  width: 100%;
  height: 100%;
}

.c1 {
  color: var(--highlight);
  font-size: 60px;
  font-family: 'Brush Script MT',cursive;
}

.c2 {
  color: #fff;
}

.c3 {
  margin-top: 15px;
  width: min(55rem,100%);
}

<main
  class="c0"
>
  <h1
    class="c1"
  >
    Camino Medicina
  </h1>
  <h2
    class="c2"
  >
    Mapeamento da minha jornada pelo mundo!
  </h2>
  <img
    alt="Van com uma estrada florida"
    class="c3"
    src="/img/hero-illustration.png"
  />
</main>
`
